---
source: src/app.rs
expression: terminal.backend()
snapshot_kind: text
---
"                                 Tiny FE v0.1.0                                 "
"|> /home/user                                                                   "
"┏━━━━━━━━━━━━━━━━━━━━━━━━━━━━━━━━━━━━━━━━━━━━━━━━━━━━━━━━━━━━━━━━━━━━━━━━━━━━━━┓"
"┃>.git/  a                                                                     ┃"
"┃ dir1/  s                                                                     ┃"
"┃ .gitignore                                                                   ┃"
"┃ Cargo.toml                                                                   ┃"
"┗━━━━━━━━━━━━━━━━━━━━━━━━━━━━━━━━━━━━━━━━━━━━━━━━━━━━━━━━━━━━━━━━━━━━━━━━━━━━━━┛"
" /test                                                                          "
