---
source: src/app.rs
expression: terminal.backend()
snapshot_kind: text
---
"                                 Tiny DC v0.1.1                                 "
"|> /home/user                                                                   "
"┏━━━━━━━━━━━━━━━━━━━━━━━━━━━━━━━━━━━━━━━━━━━━━━━━━━━━━━━━━━━━━━━━━━━━━━━━━━━━━━┓"
"┃>.git/  a                                                                     ┃"
"┃ .gitignore                                                                   ┃"
"┃                                                                              ┃"
"┃                                                                              ┃"
"┗━━━━━━━━━━━━━━━━━━━━━━━━━━━━━━━━━━━━━━━━━━━━━━━━━━━━━━━━━━━━━━━━━━━━━━━━━━━━━━┛"
" /git                                                                           "
