---
source: src/app.rs
expression: terminal.backend()
snapshot_kind: text
---
"                                 Tiny DC v0.1.4                                 "
"|> /home/user                                                                   "
"┏━━━━━━━━━━━━━━━━━━━━━━━━━━━━━━━━━━━━━━━━━━━━━━━━━━━━━━━━━━━━━━━━━━━━━━━━━━━━━━┓"
"┃>.git/  a                                                                     ┃"
"┃ dir1/  s                                                                     ┃"
"┃ .gitignore                                                                   ┃"
"┃ Cargo.toml                                                                   ┃"
"┗━━━━━━━━━━━━━━━━━━━━━━━━━━━━━━━━━━━━━━━━━━━━━━━━━━━━━━━━━━━━━━━━━━━━━━━━━━━━━━┛"
"Ctrl + (d)irectory │ (f)recent                                  Press ? for help"
